2025-05-06 13:19:10,212 - inspyred.ec - DEBUG - generating initial population
2025-05-06 13:19:10,233 - inspyred.ec - DEBUG - evaluating initial population
2025-05-06 13:19:30,420 - inspyred.ec - DEBUG - population size is now 5
2025-05-06 13:19:30,421 - inspyred.ec - DEBUG - archiving initial population
2025-05-06 13:19:30,421 - inspyred.ec - DEBUG - archive size is now 20
2025-05-06 13:19:30,421 - inspyred.ec - DEBUG - population size is now 5
2025-05-06 13:19:30,421 - inspyred.ec - DEBUG - observation using file_observer at generation 16 and evaluation 5
2025-05-06 13:19:30,424 - inspyred.ec - DEBUG - observation using best_observer at generation 16 and evaluation 5
2025-05-06 13:19:30,425 - inspyred.ec - DEBUG - observation using pareto_archive_observer at generation 16 and evaluation 5
2025-05-06 13:19:30,430 - inspyred.ec - DEBUG - termination test using special_termination at generation 16 and evaluation 5
2025-05-06 13:19:30,430 - inspyred.ec - DEBUG - termination test using generation_termination at generation 16 and evaluation 5
2025-05-06 13:19:30,430 - inspyred.ec - DEBUG - termination test using diversity_termination at generation 16 and evaluation 5
2025-05-06 13:19:30,430 - inspyred.ec - DEBUG - selection using tournament_selection at generation 16 and evaluation 5
2025-05-06 13:19:30,436 - inspyred.ec - DEBUG - selected 5 candidates
2025-05-06 13:19:30,438 - inspyred.ec - DEBUG - variation using n_point_crossover at generation 16 and evaluation 5
2025-05-06 13:19:30,438 - inspyred.ec - DEBUG - variation using random_reset_mutation at generation 16 and evaluation 5
2025-05-06 13:19:30,440 - inspyred.ec - DEBUG - variation using repair_mutation at generation 16 and evaluation 5
2025-05-06 13:19:30,442 - inspyred.ec - DEBUG - created 4 offspring
2025-05-06 13:19:30,442 - inspyred.ec - DEBUG - evaluation using evaluate at generation 16 and evaluation 5
2025-05-06 13:19:47,880 - inspyred.ec - DEBUG - replacement using nsga_replacement at generation 16 and evaluation 9
2025-05-06 13:19:47,880 - inspyred.ec - DEBUG - population size is now 5
2025-05-06 13:19:47,880 - inspyred.ec - DEBUG - migration using default_migration at generation 16 and evaluation 9
2025-05-06 13:19:47,880 - inspyred.ec - DEBUG - population size is now 5
2025-05-06 13:19:47,880 - inspyred.ec - DEBUG - archival using best_archiver at generation 16 and evaluation 9
2025-05-06 13:19:47,880 - inspyred.ec - DEBUG - archive size is now 21
2025-05-06 13:19:47,880 - inspyred.ec - DEBUG - population size is now 5
2025-05-06 13:19:47,880 - inspyred.ec - DEBUG - observation using file_observer at generation 17 and evaluation 9
2025-05-06 13:19:47,891 - inspyred.ec - DEBUG - observation using best_observer at generation 17 and evaluation 9
2025-05-06 13:19:47,893 - inspyred.ec - DEBUG - observation using pareto_archive_observer at generation 17 and evaluation 9
2025-05-06 13:19:47,897 - inspyred.ec - DEBUG - termination test using special_termination at generation 17 and evaluation 9
2025-05-06 13:19:47,897 - inspyred.ec - DEBUG - termination test using generation_termination at generation 17 and evaluation 9
2025-05-06 13:19:47,897 - inspyred.ec - DEBUG - termination test using diversity_termination at generation 17 and evaluation 9
2025-05-06 13:19:47,901 - inspyred.ec - DEBUG - selection using tournament_selection at generation 17 and evaluation 9
2025-05-06 13:19:47,901 - inspyred.ec - DEBUG - selected 5 candidates
2025-05-06 13:19:47,904 - inspyred.ec - DEBUG - variation using n_point_crossover at generation 17 and evaluation 9
2025-05-06 13:19:47,904 - inspyred.ec - DEBUG - variation using random_reset_mutation at generation 17 and evaluation 9
2025-05-06 13:19:47,904 - inspyred.ec - DEBUG - variation using repair_mutation at generation 17 and evaluation 9
2025-05-06 13:19:47,909 - inspyred.ec - DEBUG - created 4 offspring
2025-05-06 13:19:47,909 - inspyred.ec - DEBUG - evaluation using evaluate at generation 17 and evaluation 9
2025-05-06 13:20:04,687 - inspyred.ec - DEBUG - replacement using nsga_replacement at generation 17 and evaluation 13
2025-05-06 13:20:04,698 - inspyred.ec - DEBUG - population size is now 5
2025-05-06 13:20:04,698 - inspyred.ec - DEBUG - migration using default_migration at generation 17 and evaluation 13
2025-05-06 13:20:04,698 - inspyred.ec - DEBUG - population size is now 5
2025-05-06 13:20:04,698 - inspyred.ec - DEBUG - archival using best_archiver at generation 17 and evaluation 13
2025-05-06 13:20:04,698 - inspyred.ec - DEBUG - archive size is now 21
2025-05-06 13:20:04,698 - inspyred.ec - DEBUG - population size is now 5
2025-05-06 13:20:04,698 - inspyred.ec - DEBUG - observation using file_observer at generation 18 and evaluation 13
2025-05-06 13:20:04,701 - inspyred.ec - DEBUG - observation using best_observer at generation 18 and evaluation 13
2025-05-06 13:20:04,704 - inspyred.ec - DEBUG - observation using pareto_archive_observer at generation 18 and evaluation 13
2025-05-06 13:20:04,713 - inspyred.ec - DEBUG - termination test using special_termination at generation 18 and evaluation 13
2025-05-06 13:20:04,713 - inspyred.ec - DEBUG - termination test using generation_termination at generation 18 and evaluation 13
2025-05-06 13:20:04,713 - inspyred.ec - DEBUG - termination test using diversity_termination at generation 18 and evaluation 13
2025-05-06 13:20:04,720 - inspyred.ec - DEBUG - selection using tournament_selection at generation 18 and evaluation 13
2025-05-06 13:20:04,720 - inspyred.ec - DEBUG - selected 5 candidates
2025-05-06 13:20:04,722 - inspyred.ec - DEBUG - variation using n_point_crossover at generation 18 and evaluation 13
2025-05-06 13:20:04,722 - inspyred.ec - DEBUG - variation using random_reset_mutation at generation 18 and evaluation 13
2025-05-06 13:20:04,722 - inspyred.ec - DEBUG - variation using repair_mutation at generation 18 and evaluation 13
2025-05-06 13:20:04,729 - inspyred.ec - DEBUG - created 4 offspring
2025-05-06 13:20:04,729 - inspyred.ec - DEBUG - evaluation using evaluate at generation 18 and evaluation 13
2025-05-06 13:20:20,555 - inspyred.ec - DEBUG - replacement using nsga_replacement at generation 18 and evaluation 17
2025-05-06 13:20:20,555 - inspyred.ec - DEBUG - population size is now 5
2025-05-06 13:20:20,555 - inspyred.ec - DEBUG - migration using default_migration at generation 18 and evaluation 17
2025-05-06 13:20:20,555 - inspyred.ec - DEBUG - population size is now 5
2025-05-06 13:20:20,555 - inspyred.ec - DEBUG - archival using best_archiver at generation 18 and evaluation 17
2025-05-06 13:20:20,555 - inspyred.ec - DEBUG - archive size is now 21
2025-05-06 13:20:20,557 - inspyred.ec - DEBUG - population size is now 5
2025-05-06 13:20:20,557 - inspyred.ec - DEBUG - observation using file_observer at generation 19 and evaluation 17
2025-05-06 13:20:20,560 - inspyred.ec - DEBUG - observation using best_observer at generation 19 and evaluation 17
2025-05-06 13:20:20,560 - inspyred.ec - DEBUG - observation using pareto_archive_observer at generation 19 and evaluation 17
2025-05-06 13:20:20,571 - inspyred.ec - DEBUG - termination test using special_termination at generation 19 and evaluation 17
2025-05-06 13:20:20,571 - inspyred.ec - DEBUG - termination test using generation_termination at generation 19 and evaluation 17
2025-05-06 13:20:20,571 - inspyred.ec - DEBUG - termination test using diversity_termination at generation 19 and evaluation 17
2025-05-06 13:20:20,574 - inspyred.ec - DEBUG - selection using tournament_selection at generation 19 and evaluation 17
2025-05-06 13:20:20,574 - inspyred.ec - DEBUG - selected 5 candidates
2025-05-06 13:20:20,574 - inspyred.ec - DEBUG - variation using n_point_crossover at generation 19 and evaluation 17
2025-05-06 13:20:20,574 - inspyred.ec - DEBUG - variation using random_reset_mutation at generation 19 and evaluation 17
2025-05-06 13:20:20,580 - inspyred.ec - DEBUG - variation using repair_mutation at generation 19 and evaluation 17
2025-05-06 13:20:20,584 - inspyred.ec - DEBUG - created 4 offspring
2025-05-06 13:20:20,584 - inspyred.ec - DEBUG - evaluation using evaluate at generation 19 and evaluation 17
2025-05-06 13:20:36,865 - inspyred.ec - DEBUG - replacement using nsga_replacement at generation 19 and evaluation 21
2025-05-06 13:20:36,865 - inspyred.ec - DEBUG - population size is now 5
2025-05-06 13:20:36,865 - inspyred.ec - DEBUG - migration using default_migration at generation 19 and evaluation 21
2025-05-06 13:20:36,865 - inspyred.ec - DEBUG - population size is now 5
2025-05-06 13:20:36,865 - inspyred.ec - DEBUG - archival using best_archiver at generation 19 and evaluation 21
2025-05-06 13:20:36,865 - inspyred.ec - DEBUG - archive size is now 21
2025-05-06 13:20:36,865 - inspyred.ec - DEBUG - population size is now 5
2025-05-06 13:20:36,865 - inspyred.ec - DEBUG - observation using file_observer at generation 20 and evaluation 21
2025-05-06 13:20:36,865 - inspyred.ec - DEBUG - observation using best_observer at generation 20 and evaluation 21
2025-05-06 13:20:36,871 - inspyred.ec - DEBUG - observation using pareto_archive_observer at generation 20 and evaluation 21
2025-05-06 13:20:36,876 - inspyred.ec - DEBUG - termination test using special_termination at generation 20 and evaluation 21
2025-05-06 13:20:36,879 - inspyred.ec - DEBUG - termination test using generation_termination at generation 20 and evaluation 21
2025-05-06 13:20:36,879 - inspyred.ec - DEBUG - termination from generation_termination at generation 20 and evaluation 21
