2025-05-06 13:09:40,154 - inspyred.ec - DEBUG - generating initial population
2025-05-06 13:09:40,465 - inspyred.ec - DEBUG - evaluating initial population
2025-05-06 13:10:02,888 - inspyred.ec - DEBUG - population size is now 5
2025-05-06 13:10:02,888 - inspyred.ec - DEBUG - archiving initial population
2025-05-06 13:10:02,888 - inspyred.ec - DEBUG - archive size is now 5
2025-05-06 13:10:02,903 - inspyred.ec - DEBUG - population size is now 5
2025-05-06 13:10:02,903 - inspyred.ec - DEBUG - observation using file_observer at generation 0 and evaluation 5
2025-05-06 13:10:02,905 - inspyred.ec - DEBUG - observation using best_observer at generation 0 and evaluation 5
2025-05-06 13:10:02,905 - inspyred.ec - DEBUG - observation using pareto_archive_observer at generation 0 and evaluation 5
2025-05-06 13:10:02,911 - inspyred.ec - DEBUG - termination test using special_termination at generation 0 and evaluation 5
2025-05-06 13:10:02,911 - inspyred.ec - DEBUG - termination test using generation_termination at generation 0 and evaluation 5
2025-05-06 13:10:02,911 - inspyred.ec - DEBUG - termination test using diversity_termination at generation 0 and evaluation 5
2025-05-06 13:10:02,915 - inspyred.ec - DEBUG - selection using tournament_selection at generation 0 and evaluation 5
2025-05-06 13:10:02,915 - inspyred.ec - DEBUG - selected 5 candidates
2025-05-06 13:10:02,919 - inspyred.ec - DEBUG - variation using n_point_crossover at generation 0 and evaluation 5
2025-05-06 13:10:02,919 - inspyred.ec - DEBUG - variation using random_reset_mutation at generation 0 and evaluation 5
2025-05-06 13:10:02,919 - inspyred.ec - DEBUG - variation using repair_mutation at generation 0 and evaluation 5
2025-05-06 13:10:03,179 - inspyred.ec - DEBUG - created 4 offspring
2025-05-06 13:10:03,179 - inspyred.ec - DEBUG - evaluation using evaluate at generation 0 and evaluation 5
2025-05-06 13:10:20,807 - inspyred.ec - DEBUG - replacement using nsga_replacement at generation 0 and evaluation 9
2025-05-06 13:10:20,807 - inspyred.ec - DEBUG - population size is now 5
2025-05-06 13:10:20,807 - inspyred.ec - DEBUG - migration using default_migration at generation 0 and evaluation 9
2025-05-06 13:10:20,809 - inspyred.ec - DEBUG - population size is now 5
2025-05-06 13:10:20,809 - inspyred.ec - DEBUG - archival using best_archiver at generation 0 and evaluation 9
2025-05-06 13:10:20,809 - inspyred.ec - DEBUG - archive size is now 8
2025-05-06 13:10:20,809 - inspyred.ec - DEBUG - population size is now 5
2025-05-06 13:10:20,809 - inspyred.ec - DEBUG - observation using file_observer at generation 1 and evaluation 9
2025-05-06 13:10:20,810 - inspyred.ec - DEBUG - observation using best_observer at generation 1 and evaluation 9
2025-05-06 13:10:20,810 - inspyred.ec - DEBUG - observation using pareto_archive_observer at generation 1 and evaluation 9
2025-05-06 13:10:20,818 - inspyred.ec - DEBUG - termination test using special_termination at generation 1 and evaluation 9
2025-05-06 13:10:20,818 - inspyred.ec - DEBUG - termination test using generation_termination at generation 1 and evaluation 9
2025-05-06 13:10:20,818 - inspyred.ec - DEBUG - termination test using diversity_termination at generation 1 and evaluation 9
2025-05-06 13:10:20,819 - inspyred.ec - DEBUG - selection using tournament_selection at generation 1 and evaluation 9
2025-05-06 13:10:20,819 - inspyred.ec - DEBUG - selected 5 candidates
2025-05-06 13:10:20,826 - inspyred.ec - DEBUG - variation using n_point_crossover at generation 1 and evaluation 9
2025-05-06 13:10:20,826 - inspyred.ec - DEBUG - variation using random_reset_mutation at generation 1 and evaluation 9
2025-05-06 13:10:20,828 - inspyred.ec - DEBUG - variation using repair_mutation at generation 1 and evaluation 9
2025-05-06 13:10:21,077 - inspyred.ec - DEBUG - created 4 offspring
2025-05-06 13:10:21,077 - inspyred.ec - DEBUG - evaluation using evaluate at generation 1 and evaluation 9
2025-05-06 13:10:39,188 - inspyred.ec - DEBUG - replacement using nsga_replacement at generation 1 and evaluation 13
2025-05-06 13:10:39,188 - inspyred.ec - DEBUG - population size is now 5
2025-05-06 13:10:39,194 - inspyred.ec - DEBUG - migration using default_migration at generation 1 and evaluation 13
2025-05-06 13:10:39,194 - inspyred.ec - DEBUG - population size is now 5
2025-05-06 13:10:39,194 - inspyred.ec - DEBUG - archival using best_archiver at generation 1 and evaluation 13
2025-05-06 13:10:39,194 - inspyred.ec - DEBUG - archive size is now 9
2025-05-06 13:10:39,194 - inspyred.ec - DEBUG - population size is now 5
2025-05-06 13:10:39,194 - inspyred.ec - DEBUG - observation using file_observer at generation 2 and evaluation 13
2025-05-06 13:10:39,195 - inspyred.ec - DEBUG - observation using best_observer at generation 2 and evaluation 13
2025-05-06 13:10:39,199 - inspyred.ec - DEBUG - observation using pareto_archive_observer at generation 2 and evaluation 13
2025-05-06 13:10:39,203 - inspyred.ec - DEBUG - termination test using special_termination at generation 2 and evaluation 13
2025-05-06 13:10:39,203 - inspyred.ec - DEBUG - termination test using generation_termination at generation 2 and evaluation 13
2025-05-06 13:10:39,203 - inspyred.ec - DEBUG - termination test using diversity_termination at generation 2 and evaluation 13
2025-05-06 13:10:39,210 - inspyred.ec - DEBUG - selection using tournament_selection at generation 2 and evaluation 13
2025-05-06 13:10:39,210 - inspyred.ec - DEBUG - selected 5 candidates
2025-05-06 13:10:39,215 - inspyred.ec - DEBUG - variation using n_point_crossover at generation 2 and evaluation 13
2025-05-06 13:10:39,215 - inspyred.ec - DEBUG - variation using random_reset_mutation at generation 2 and evaluation 13
2025-05-06 13:10:39,215 - inspyred.ec - DEBUG - variation using repair_mutation at generation 2 and evaluation 13
2025-05-06 13:10:39,479 - inspyred.ec - DEBUG - created 4 offspring
2025-05-06 13:10:39,479 - inspyred.ec - DEBUG - evaluation using evaluate at generation 2 and evaluation 13
2025-05-06 13:10:57,705 - inspyred.ec - DEBUG - replacement using nsga_replacement at generation 2 and evaluation 17
2025-05-06 13:10:57,705 - inspyred.ec - DEBUG - population size is now 5
2025-05-06 13:10:57,705 - inspyred.ec - DEBUG - migration using default_migration at generation 2 and evaluation 17
2025-05-06 13:10:57,705 - inspyred.ec - DEBUG - population size is now 5
2025-05-06 13:10:57,705 - inspyred.ec - DEBUG - archival using best_archiver at generation 2 and evaluation 17
2025-05-06 13:10:57,705 - inspyred.ec - DEBUG - archive size is now 10
2025-05-06 13:10:57,705 - inspyred.ec - DEBUG - population size is now 5
2025-05-06 13:10:57,705 - inspyred.ec - DEBUG - observation using file_observer at generation 3 and evaluation 17
2025-05-06 13:10:57,705 - inspyred.ec - DEBUG - observation using best_observer at generation 3 and evaluation 17
2025-05-06 13:10:57,705 - inspyred.ec - DEBUG - observation using pareto_archive_observer at generation 3 and evaluation 17
2025-05-06 13:10:57,712 - inspyred.ec - DEBUG - termination test using special_termination at generation 3 and evaluation 17
2025-05-06 13:10:57,712 - inspyred.ec - DEBUG - termination test using generation_termination at generation 3 and evaluation 17
2025-05-06 13:10:57,712 - inspyred.ec - DEBUG - termination test using diversity_termination at generation 3 and evaluation 17
2025-05-06 13:10:57,717 - inspyred.ec - DEBUG - selection using tournament_selection at generation 3 and evaluation 17
2025-05-06 13:10:57,717 - inspyred.ec - DEBUG - selected 5 candidates
2025-05-06 13:10:57,724 - inspyred.ec - DEBUG - variation using n_point_crossover at generation 3 and evaluation 17
2025-05-06 13:10:57,724 - inspyred.ec - DEBUG - variation using random_reset_mutation at generation 3 and evaluation 17
2025-05-06 13:10:57,727 - inspyred.ec - DEBUG - variation using repair_mutation at generation 3 and evaluation 17
2025-05-06 13:10:57,942 - inspyred.ec - DEBUG - created 4 offspring
2025-05-06 13:10:57,942 - inspyred.ec - DEBUG - evaluation using evaluate at generation 3 and evaluation 17
2025-05-06 13:11:15,132 - inspyred.ec - DEBUG - replacement using nsga_replacement at generation 3 and evaluation 21
2025-05-06 13:11:15,132 - inspyred.ec - DEBUG - population size is now 5
2025-05-06 13:11:15,132 - inspyred.ec - DEBUG - migration using default_migration at generation 3 and evaluation 21
2025-05-06 13:11:15,132 - inspyred.ec - DEBUG - population size is now 5
2025-05-06 13:11:15,132 - inspyred.ec - DEBUG - archival using best_archiver at generation 3 and evaluation 21
2025-05-06 13:11:15,132 - inspyred.ec - DEBUG - archive size is now 11
2025-05-06 13:11:15,132 - inspyred.ec - DEBUG - population size is now 5
2025-05-06 13:11:15,132 - inspyred.ec - DEBUG - observation using file_observer at generation 4 and evaluation 21
2025-05-06 13:11:15,134 - inspyred.ec - DEBUG - observation using best_observer at generation 4 and evaluation 21
2025-05-06 13:11:15,134 - inspyred.ec - DEBUG - observation using pareto_archive_observer at generation 4 and evaluation 21
2025-05-06 13:11:15,144 - inspyred.ec - DEBUG - termination test using special_termination at generation 4 and evaluation 21
2025-05-06 13:11:15,144 - inspyred.ec - DEBUG - termination test using generation_termination at generation 4 and evaluation 21
2025-05-06 13:11:15,144 - inspyred.ec - DEBUG - termination test using diversity_termination at generation 4 and evaluation 21
2025-05-06 13:11:15,151 - inspyred.ec - DEBUG - selection using tournament_selection at generation 4 and evaluation 21
2025-05-06 13:11:15,151 - inspyred.ec - DEBUG - selected 5 candidates
2025-05-06 13:11:15,158 - inspyred.ec - DEBUG - variation using n_point_crossover at generation 4 and evaluation 21
2025-05-06 13:11:15,158 - inspyred.ec - DEBUG - variation using random_reset_mutation at generation 4 and evaluation 21
2025-05-06 13:11:15,158 - inspyred.ec - DEBUG - variation using repair_mutation at generation 4 and evaluation 21
2025-05-06 13:11:15,324 - inspyred.ec - DEBUG - created 4 offspring
2025-05-06 13:11:15,324 - inspyred.ec - DEBUG - evaluation using evaluate at generation 4 and evaluation 21
2025-05-06 13:11:31,495 - inspyred.ec - DEBUG - replacement using nsga_replacement at generation 4 and evaluation 25
2025-05-06 13:11:31,495 - inspyred.ec - DEBUG - population size is now 5
2025-05-06 13:11:31,495 - inspyred.ec - DEBUG - migration using default_migration at generation 4 and evaluation 25
2025-05-06 13:11:31,495 - inspyred.ec - DEBUG - population size is now 5
2025-05-06 13:11:31,495 - inspyred.ec - DEBUG - archival using best_archiver at generation 4 and evaluation 25
2025-05-06 13:11:31,495 - inspyred.ec - DEBUG - archive size is now 12
2025-05-06 13:11:31,495 - inspyred.ec - DEBUG - population size is now 5
2025-05-06 13:11:31,495 - inspyred.ec - DEBUG - observation using file_observer at generation 5 and evaluation 25
2025-05-06 13:11:31,497 - inspyred.ec - DEBUG - observation using best_observer at generation 5 and evaluation 25
2025-05-06 13:11:31,500 - inspyred.ec - DEBUG - observation using pareto_archive_observer at generation 5 and evaluation 25
2025-05-06 13:11:31,508 - inspyred.ec - DEBUG - termination test using special_termination at generation 5 and evaluation 25
2025-05-06 13:11:31,508 - inspyred.ec - DEBUG - termination test using generation_termination at generation 5 and evaluation 25
2025-05-06 13:11:31,508 - inspyred.ec - DEBUG - termination test using diversity_termination at generation 5 and evaluation 25
2025-05-06 13:11:31,514 - inspyred.ec - DEBUG - selection using tournament_selection at generation 5 and evaluation 25
2025-05-06 13:11:31,514 - inspyred.ec - DEBUG - selected 5 candidates
2025-05-06 13:11:31,521 - inspyred.ec - DEBUG - variation using n_point_crossover at generation 5 and evaluation 25
2025-05-06 13:11:31,521 - inspyred.ec - DEBUG - variation using random_reset_mutation at generation 5 and evaluation 25
2025-05-06 13:11:31,522 - inspyred.ec - DEBUG - variation using repair_mutation at generation 5 and evaluation 25
2025-05-06 13:11:31,738 - inspyred.ec - DEBUG - created 4 offspring
2025-05-06 13:11:31,738 - inspyred.ec - DEBUG - evaluation using evaluate at generation 5 and evaluation 25
2025-05-06 13:11:47,814 - inspyred.ec - DEBUG - replacement using nsga_replacement at generation 5 and evaluation 29
2025-05-06 13:11:47,830 - inspyred.ec - DEBUG - population size is now 5
2025-05-06 13:11:47,830 - inspyred.ec - DEBUG - migration using default_migration at generation 5 and evaluation 29
2025-05-06 13:11:47,830 - inspyred.ec - DEBUG - population size is now 5
2025-05-06 13:11:47,830 - inspyred.ec - DEBUG - archival using best_archiver at generation 5 and evaluation 29
2025-05-06 13:11:47,830 - inspyred.ec - DEBUG - archive size is now 12
2025-05-06 13:11:47,830 - inspyred.ec - DEBUG - population size is now 5
2025-05-06 13:11:47,830 - inspyred.ec - DEBUG - observation using file_observer at generation 6 and evaluation 29
2025-05-06 13:11:47,833 - inspyred.ec - DEBUG - observation using best_observer at generation 6 and evaluation 29
2025-05-06 13:11:47,837 - inspyred.ec - DEBUG - observation using pareto_archive_observer at generation 6 and evaluation 29
2025-05-06 13:11:47,843 - inspyred.ec - DEBUG - termination test using special_termination at generation 6 and evaluation 29
2025-05-06 13:11:47,843 - inspyred.ec - DEBUG - termination test using generation_termination at generation 6 and evaluation 29
2025-05-06 13:11:47,843 - inspyred.ec - DEBUG - termination test using diversity_termination at generation 6 and evaluation 29
2025-05-06 13:11:47,851 - inspyred.ec - DEBUG - selection using tournament_selection at generation 6 and evaluation 29
2025-05-06 13:11:47,851 - inspyred.ec - DEBUG - selected 5 candidates
2025-05-06 13:11:47,857 - inspyred.ec - DEBUG - variation using n_point_crossover at generation 6 and evaluation 29
2025-05-06 13:11:47,857 - inspyred.ec - DEBUG - variation using random_reset_mutation at generation 6 and evaluation 29
2025-05-06 13:11:47,857 - inspyred.ec - DEBUG - variation using repair_mutation at generation 6 and evaluation 29
2025-05-06 13:11:48,124 - inspyred.ec - DEBUG - created 4 offspring
2025-05-06 13:11:48,124 - inspyred.ec - DEBUG - evaluation using evaluate at generation 6 and evaluation 29
2025-05-06 13:12:04,695 - inspyred.ec - DEBUG - replacement using nsga_replacement at generation 6 and evaluation 33
2025-05-06 13:12:04,695 - inspyred.ec - DEBUG - population size is now 5
2025-05-06 13:12:04,695 - inspyred.ec - DEBUG - migration using default_migration at generation 6 and evaluation 33
2025-05-06 13:12:04,695 - inspyred.ec - DEBUG - population size is now 5
2025-05-06 13:12:04,695 - inspyred.ec - DEBUG - archival using best_archiver at generation 6 and evaluation 33
2025-05-06 13:12:04,695 - inspyred.ec - DEBUG - archive size is now 15
2025-05-06 13:12:04,695 - inspyred.ec - DEBUG - population size is now 5
2025-05-06 13:12:04,695 - inspyred.ec - DEBUG - observation using file_observer at generation 7 and evaluation 33
2025-05-06 13:12:04,695 - inspyred.ec - DEBUG - observation using best_observer at generation 7 and evaluation 33
2025-05-06 13:12:04,700 - inspyred.ec - DEBUG - observation using pareto_archive_observer at generation 7 and evaluation 33
2025-05-06 13:12:04,703 - inspyred.ec - DEBUG - termination test using special_termination at generation 7 and evaluation 33
2025-05-06 13:12:04,703 - inspyred.ec - DEBUG - termination test using generation_termination at generation 7 and evaluation 33
2025-05-06 13:12:04,703 - inspyred.ec - DEBUG - termination test using diversity_termination at generation 7 and evaluation 33
2025-05-06 13:12:04,710 - inspyred.ec - DEBUG - selection using tournament_selection at generation 7 and evaluation 33
2025-05-06 13:12:04,710 - inspyred.ec - DEBUG - selected 5 candidates
2025-05-06 13:12:04,712 - inspyred.ec - DEBUG - variation using n_point_crossover at generation 7 and evaluation 33
2025-05-06 13:12:04,712 - inspyred.ec - DEBUG - variation using random_reset_mutation at generation 7 and evaluation 33
2025-05-06 13:12:04,712 - inspyred.ec - DEBUG - variation using repair_mutation at generation 7 and evaluation 33
2025-05-06 13:12:05,050 - inspyred.ec - DEBUG - created 4 offspring
2025-05-06 13:12:05,050 - inspyred.ec - DEBUG - evaluation using evaluate at generation 7 and evaluation 33
2025-05-06 13:12:22,334 - inspyred.ec - DEBUG - replacement using nsga_replacement at generation 7 and evaluation 37
2025-05-06 13:12:22,340 - inspyred.ec - DEBUG - population size is now 5
2025-05-06 13:12:22,340 - inspyred.ec - DEBUG - migration using default_migration at generation 7 and evaluation 37
2025-05-06 13:12:22,340 - inspyred.ec - DEBUG - population size is now 5
2025-05-06 13:12:22,340 - inspyred.ec - DEBUG - archival using best_archiver at generation 7 and evaluation 37
2025-05-06 13:12:22,340 - inspyred.ec - DEBUG - archive size is now 16
2025-05-06 13:12:22,340 - inspyred.ec - DEBUG - population size is now 5
2025-05-06 13:12:22,340 - inspyred.ec - DEBUG - observation using file_observer at generation 8 and evaluation 37
2025-05-06 13:12:22,340 - inspyred.ec - DEBUG - observation using best_observer at generation 8 and evaluation 37
2025-05-06 13:12:22,343 - inspyred.ec - DEBUG - observation using pareto_archive_observer at generation 8 and evaluation 37
2025-05-06 13:12:22,348 - inspyred.ec - DEBUG - termination test using special_termination at generation 8 and evaluation 37
2025-05-06 13:12:22,353 - inspyred.ec - DEBUG - termination test using generation_termination at generation 8 and evaluation 37
2025-05-06 13:12:22,353 - inspyred.ec - DEBUG - termination test using diversity_termination at generation 8 and evaluation 37
2025-05-06 13:12:22,357 - inspyred.ec - DEBUG - selection using tournament_selection at generation 8 and evaluation 37
2025-05-06 13:12:22,357 - inspyred.ec - DEBUG - selected 5 candidates
2025-05-06 13:12:22,364 - inspyred.ec - DEBUG - variation using n_point_crossover at generation 8 and evaluation 37
2025-05-06 13:12:22,364 - inspyred.ec - DEBUG - variation using random_reset_mutation at generation 8 and evaluation 37
2025-05-06 13:12:22,364 - inspyred.ec - DEBUG - variation using repair_mutation at generation 8 and evaluation 37
2025-05-06 13:12:22,630 - inspyred.ec - DEBUG - created 4 offspring
2025-05-06 13:12:22,630 - inspyred.ec - DEBUG - evaluation using evaluate at generation 8 and evaluation 37
2025-05-06 13:12:39,443 - inspyred.ec - DEBUG - replacement using nsga_replacement at generation 8 and evaluation 41
2025-05-06 13:12:39,443 - inspyred.ec - DEBUG - population size is now 5
2025-05-06 13:12:39,443 - inspyred.ec - DEBUG - migration using default_migration at generation 8 and evaluation 41
2025-05-06 13:12:39,443 - inspyred.ec - DEBUG - population size is now 5
2025-05-06 13:12:39,443 - inspyred.ec - DEBUG - archival using best_archiver at generation 8 and evaluation 41
2025-05-06 13:12:39,444 - inspyred.ec - DEBUG - archive size is now 17
2025-05-06 13:12:39,444 - inspyred.ec - DEBUG - population size is now 5
2025-05-06 13:12:39,444 - inspyred.ec - DEBUG - observation using file_observer at generation 9 and evaluation 41
2025-05-06 13:12:39,444 - inspyred.ec - DEBUG - observation using best_observer at generation 9 and evaluation 41
2025-05-06 13:12:39,449 - inspyred.ec - DEBUG - observation using pareto_archive_observer at generation 9 and evaluation 41
2025-05-06 13:12:39,449 - inspyred.ec - DEBUG - termination test using special_termination at generation 9 and evaluation 41
2025-05-06 13:12:39,449 - inspyred.ec - DEBUG - termination test using generation_termination at generation 9 and evaluation 41
2025-05-06 13:12:39,449 - inspyred.ec - DEBUG - termination test using diversity_termination at generation 9 and evaluation 41
2025-05-06 13:12:39,459 - inspyred.ec - DEBUG - selection using tournament_selection at generation 9 and evaluation 41
2025-05-06 13:12:39,459 - inspyred.ec - DEBUG - selected 5 candidates
2025-05-06 13:12:39,459 - inspyred.ec - DEBUG - variation using n_point_crossover at generation 9 and evaluation 41
2025-05-06 13:12:39,464 - inspyred.ec - DEBUG - variation using random_reset_mutation at generation 9 and evaluation 41
2025-05-06 13:12:39,465 - inspyred.ec - DEBUG - variation using repair_mutation at generation 9 and evaluation 41
2025-05-06 13:12:39,746 - inspyred.ec - DEBUG - created 4 offspring
2025-05-06 13:12:39,746 - inspyred.ec - DEBUG - evaluation using evaluate at generation 9 and evaluation 41
2025-05-06 13:12:55,719 - inspyred.ec - DEBUG - replacement using nsga_replacement at generation 9 and evaluation 45
2025-05-06 13:12:55,719 - inspyred.ec - DEBUG - population size is now 5
2025-05-06 13:12:55,719 - inspyred.ec - DEBUG - migration using default_migration at generation 9 and evaluation 45
2025-05-06 13:12:55,719 - inspyred.ec - DEBUG - population size is now 5
2025-05-06 13:12:55,719 - inspyred.ec - DEBUG - archival using best_archiver at generation 9 and evaluation 45
2025-05-06 13:12:55,719 - inspyred.ec - DEBUG - archive size is now 18
2025-05-06 13:12:55,719 - inspyred.ec - DEBUG - population size is now 5
2025-05-06 13:12:55,719 - inspyred.ec - DEBUG - observation using file_observer at generation 10 and evaluation 45
2025-05-06 13:12:55,719 - inspyred.ec - DEBUG - observation using best_observer at generation 10 and evaluation 45
2025-05-06 13:12:55,728 - inspyred.ec - DEBUG - observation using pareto_archive_observer at generation 10 and evaluation 45
2025-05-06 13:12:55,735 - inspyred.ec - DEBUG - termination test using special_termination at generation 10 and evaluation 45
2025-05-06 13:12:55,735 - inspyred.ec - DEBUG - termination test using generation_termination at generation 10 and evaluation 45
2025-05-06 13:12:55,736 - inspyred.ec - DEBUG - termination from generation_termination at generation 10 and evaluation 45
